// Jest Snapshot v1, https://goo.gl/fbAQLP

exports[`FlagSelection Component renders without crashing 1`] = `
<View
  accessible={true}
  animatedStyle={
    Object {
      "value": Object {},
    }
  }
  collapsable={false}
  entering={
    FadeIn {
      "build": [Function],
      "delayV": 300,
      "randomizeDelay": false,
    }
  }
  focusable={true}
  onBlur={[Function]}
  onClick={[Function]}
  onFocus={[Function]}
  onResponderGrant={[Function]}
  onResponderMove={[Function]}
  onResponderRelease={[Function]}
  onResponderTerminate={[Function]}
  onResponderTerminationRequest={[Function]}
  onStartShouldSetResponder={[Function]}
  style={
    Object {
      "backgroundColor": "#fff",
      "borderRadius": 5,
      "elevation": 20,
      "flex": 1,
      "marginHorizontal": 4,
      "opacity": 1,
      "shadowColor": "#000",
      "shadowOffset": Object {
        "height": 10,
        "width": 0,
      },
      "shadowOpacity": 0.3,
      "shadowRadius": 13.16,
      "zIndex": 10,
    }
  }
>
  <View
    style={
      Object {
        "alignItems": "center",
        "borderBottomColor": "#cccccc",
        "borderBottomWidth": 2,
        "flex": 1,
        "justifyContent": "center",
      }
    }
  >
    <Text
      style={
        Array [
          Object {
            "color": "#cccccc",
            "fontFamily": "bold",
            "fontSize": 10,
            "lineHeight": 15,
            "textAlign": "center",
            "width": "90%",
          },
          undefined,
        ]
      }
    >
      [missing "en." translation]
    </Text>
  </View>
  <View
    style={
      Object {
        "alignItems": "center",
        "flex": 2,
        "justifyContent": "center",
      }
    }
  />
  <View
    style={
      Array [
        Object {
          "alignItems": "center",
          "backgroundColor": "#cccccc",
          "borderBottomEndRadius": 5,
          "borderBottomStartRadius": 5,
          "flex": 1,
          "justifyContent": "center",
        },
        undefined,
        undefined,
        undefined,
      ]
    }
  >
    <Text
      numberOfLines={1}
      style={
        Array [
          Object {
            "color": "#fff",
            "fontFamily": "black",
            "fontSize": 15,
          },
          undefined,
        ]
      }
    >
      ?
    </Text>
  </View>
</View>
`;
